Makefile
hello.txt
wsh
wsh-asan
wsh-dbg
wsh.c
wsh.h
