Makefile
tests.c
wsh
wsh-asan
wsh-dbg
wsh.c
wsh.h
